output/pricing_competition/Record-250208-2209-Sabia3_large_ptbr/logs_decision_plot.csv
Round,FirmID,Price,Quantity,Profit
1,1,7.0,700.0000000007001,3500
2,1,6.5,750.0000000007501,3375
3,1,6.8,720.0000000007201,3456
4,1,7.1,670.0000000006702,3417
5,1,7.2,650.0000000006502,3380
6,1,7.1,690.0000000006901,3519
7,1,7.0,720.0000000007201,3600
8,1,7.0,710.00000000071,3550
9,1,7.2,660.0000000006601,3432
10,1,7.3,660.0000000006602,3498
11,1,7.0,710.00000000071,3550
12,1,7.1,710.0000000007101,3621
13,1,7.2,680.0000000006801,3536
14,1,7.1,680.0000000006802,3468
15,1,7.0,710.00000000071,3550
16,1,7.0,720.0000000007201,3600
17,1,7.0,700.0000000007001,3500
18,1,7.1,690.0000000006901,3519
19,1,7.0,700.0000000007001,3500
20,1,7.1,680.0000000006802,3468
21,1,7.2,670.0000000006701,3484
22,1,6.9,740.00000000074,3626
23,1,7.1,710.0000000007101,3621
24,1,7.0,710.00000000071,3550
25,1,7.0,700.0000000007001,3500
26,1,7.1,680.0000000006802,3468
27,1,7.0,710.00000000071,3550
28,1,7.1,700.0000000007002,3570
29,1,7.0,710.00000000071,3550
30,1,7.0,720.0000000007201,3600
31,1,7.0,700.0000000007001,3500
32,1,7.1,690.0000000006901,3519
33,1,7.0,710.00000000071,3550
34,1,7.0,710.00000000071,3550
35,1,7.2,670.0000000006701,3484
36,1,7.1,700.0000000007002,3570
37,1,7.0,710.00000000071,3550
38,1,7.0,710.00000000071,3550
39,1,7.0,720.0000000007201,3600
40,1,7.1,700.0000000007002,3570
41,1,7.05,700.0000000007001,3535
42,1,7.0,730.00000000073,3650
43,1,7.05,710.0000000007101,3585
44,1,7.1,700.0000000007002,3570
45,1,7.05,710.0000000007101,3585
46,1,7.1,700.0000000007002,3570
47,1,7.05,710.0000000007101,3585
48,1,7.05,720.0000000007201,3636
49,1,7.05,710.0000000007101,3585
50,1,7.1,700.0000000007002,3570
51,1,7.05,720.0000000007201,3636
52,1,7.05,730.0000000007301,3686
53,1,7.05,710.0000000007101,3585
54,1,7.1,710.0000000007101,3621
55,1,7.05,720.0000000007201,3636
56,1,7.05,720.0000000007201,3636
57,1,7.05,710.0000000007101,3585
58,1,7.05,720.0000000007201,3636
59,1,7.05,720.0000000007201,3636
60,1,7.1,700.0000000007002,3570
61,1,7.1,700.0000000007002,3570
62,1,7.15,690.0000000006901,3553
63,1,7.1,690.0000000006901,3519
64,1,7.1,700.0000000007002,3570
65,1,7.05,720.0000000007201,3636
66,1,7.1,700.0000000007002,3570
67,1,7.0,720.0000000007201,3600
68,1,7.1,690.0000000006901,3519
69,1,7.0,720.0000000007201,3600
70,1,7.05,710.0000000007101,3585
71,1,7.02,711.0000000007113,3569
72,1,7.08,699.0000000006991,3550
73,1,7.03,714.000000000714,3591
74,1,7.06,700.0000000007003,3542
75,1,7.04,710.00000000071,3578
76,1,7.07,711.0000000007111,3604
77,1,7.09,697.0000000006971,3547
78,1,7.08,694.000000000694,3525
79,1,7.06,708.0000000007083,3582
1,2,7.0,700.0000000007001,3500
2,2,6.5,750.0000000007501,3375
3,2,6.8,720.0000000007201,3456
4,2,6.9,730.00000000073,3577
5,2,6.9,740.00000000074,3626
6,2,7.1,690.0000000006901,3519
7,2,7.2,660.0000000006601,3432
8,2,7.1,680.0000000006802,3468
9,2,7.0,720.0000000007201,3600
10,2,7.2,690.0000000006901,3588
11,2,7.1,680.0000000006802,3468
12,2,7.3,650.0000000006502,3445
13,2,7.2,680.0000000006801,3536
14,2,7.0,710.00000000071,3550
15,2,7.1,680.0000000006802,3468
16,2,7.2,660.0000000006601,3432
17,2,7.0,700.0000000007001,3500
18,2,7.1,690.0000000006901,3519
19,2,7.0,700.0000000007001,3500
20,2,7.0,710.00000000071,3550
21,2,7.1,700.0000000007002,3570
22,2,7.2,650.0000000006502,3380
23,2,7.3,650.0000000006502,3445
24,2,7.1,680.0000000006802,3468
25,2,7.0,700.0000000007001,3500
26,2,7.0,710.00000000071,3550
27,2,7.1,680.0000000006802,3468
28,2,7.2,670.0000000006701,3484
29,2,7.1,680.0000000006802,3468
30,2,7.2,660.0000000006601,3432
31,2,7.0,700.0000000007001,3500
32,2,7.1,690.0000000006901,3519
33,2,7.1,680.0000000006802,3468
34,2,7.1,680.0000000006802,3468
35,2,7.1,700.0000000007002,3570
36,2,7.2,670.0000000006701,3484
37,2,7.1,680.0000000006802,3468
38,2,7.1,680.0000000006802,3468
39,2,7.2,660.0000000006601,3432
40,2,7.2,670.0000000006701,3484
41,2,7.1,685.0000000006852,3493
42,2,7.3,640.0000000006402,3392
43,2,7.2,665.0000000006651,3458
44,2,7.2,670.0000000006701,3484
45,2,7.2,665.0000000006651,3458
46,2,7.2,670.0000000006701,3484
47,2,7.2,665.0000000006651,3458
48,2,7.3,645.0000000006452,3418
49,2,7.2,665.0000000006651,3458
50,2,7.2,670.0000000006701,3484
51,2,7.3,645.0000000006452,3418
52,2,7.4,625.000000000625,3375
53,2,7.2,665.0000000006651,3458
54,2,7.3,650.0000000006502,3445
55,2,7.3,645.0000000006452,3418
56,2,7.3,645.0000000006452,3418
57,2,7.2,665.0000000006651,3458
58,2,7.3,645.0000000006452,3418
59,2,7.3,645.0000000006452,3418
60,2,7.2,670.0000000006701,3484
61,2,7.2,670.0000000006701,3484
62,2,7.2,675.0000000006751,3510
63,2,7.1,690.0000000006901,3519
64,2,7.2,670.0000000006701,3484
65,2,7.3,645.0000000006452,3418
66,2,7.2,670.0000000006701,3484
67,2,7.2,660.0000000006601,3432
68,2,7.1,690.0000000006901,3519
69,2,7.2,660.0000000006601,3432
70,2,7.2,665.0000000006651,3458
71,2,7.15,672.0000000006719,3460
72,2,7.15,678.000000000678,3491
73,2,7.2,663.0000000006631,3447
74,2,7.12,682.0000000006819,3491
75,2,7.18,668.0000000006681,3460
76,2,7.25,657.0000000006571,3449
77,2,7.15,679.000000000679,3496
78,2,7.1,688.0000000006883,3508
79,2,7.2,666.000000000666,3463
